compile error: undeclared name
compile error: want expression
compile error: want ')'
compile error: want name
compile error: type mismatch
compile error: use positional args, not labels
compile error: want '{'
compile error: unknown member
compile error: missing return
runtime error
runtime error
runtime error
42
